                                            (function(b){(function(a){"__CF"in b&&"DJS"in b.__CF?b.__CF.DJS.push(a):"addEventListener"in b?b.addEventListener("load",a,!1):b.attachEvent("onload",a)})(function(){"FB"in b&&"Event"in FB&&"subscribe"in FB.Event&&(FB.Event.subscribe("edge.create",function(a){_gaq.push(["_trackSocial","facebook","like",a])}),FB.Event.subscribe("edge.remove",function(a){_gaq.push(["_trackSocial","facebook","unlike",a])}),FB.Event.subscribe("message.send",function(a){_gaq.push(["_trackSocial","facebook","send",a])}));"twttr"in b&&"events"in twttr&&"bind"in twttr.events&&twttr.events.bind("tweet",function(a){if(a){var b;if(a.target&&a.target.nodeName=="IFRAME")a:{if(a=a.target.src){a=a.split("#")[0].match(/[^?=&]+=([^&]*)?/g);b=0;for(var c;c=a[b];++b)if(c.indexOf("url")===0){b=unescape(c.split("=")[1]);break a}}b=void 0}_gaq.push(["_trackSocial","twitter","tweet",b])}})})})(window);
                                            /* ]]> */
                                            </script>
                                            </head><body><script type=\"text/javascript\">
                                            //<![CDATA[
                                            new Image().src = \"/cdn-cgi/ping?cf%5blocation%5d=404&cf%5bjs%5d=1\";
                                            //]]>
                                            </script>
                                            <noscript>
                                            <img src=\"/cdn-cgi/ping?cf%5blocation%5d=404&amp;cf%5bjs%5d=0\" alt=\"\"/>
                                            </noscript>
                                            <h1>Not Found</h1>
                                            <p>The requested URL /data/series/121361/default/4/6 was not found on this server.</p>
                                            <hr>
                                            <address>Apache/2.2.22 (Ubuntu) Server at www.thetvdb.com Port 80</address>
                                            </body></html>
15:30:54 T:2901292128   ERROR: metahandler: ************* Error attempting to insert into episodes cache table: columns imdb_id, tvdb_id, episode_id, title are not unique
15:30:54 T:2901292128   ERROR: metahandler: Meta data: {'plot': '', 'writer': '', 'episode': 6, 'title': '', 'rating': 0, 'season': 4, 'tvdb_id': u'121361', 'overlay': 6, 'premiered': '', 'episode_id': '', 'director': '', 'duration': u'60', 'studio': u'HBO', 'cover_url': '', 'poster': '', 'genre': u'Action,Drama,Fantasy', 'mpaa': u'TV-MA', 'imdb_id': '', 'trailer_url': '', 'backdrop_url': u'http://www.thetvdb.com/banners/fanart/original/121361-14.jpg'}
15:30:54 T:2901292128  NOTICE: metahandler: ---------------------------------------------------------------------------------------
15:30:54 T:2901292128  NOTICE: metahandler: Attempting to retreive episode meta data for: imdbid:  season: 4 episode: 7 air_date:
15:30:55 T:2901292128  NOTICE: http://www.thetvdb.com/api/2B8557E0CBF7D720/series/121361/default/4/7
15:30:55 T:2901292128  NOTICE: No data returned
15:30:55 T:2901292128  NOTICE: <!DOCTYPE HTML PUBLIC "-//IETF//DTD HTML 2.0//EN">
                                            <html><head>
                                            <title>404 Not Found</title>
                                            <script type="text/javascript">
                                            //<![CDATA[
                                            try{if (!window.CloudFlare) {var CloudFlare=[{verbose:0,p:0,byc:0,owlid:"cf",bag2:1,mirage2:0,oracle:0,paths:{cloudflare:"/cdn-cgi/nexp/dok2v=964071af18/"},atok:"f5e4798d9127e788ac8527102b6d3e29",petok:"496431bd64c7859d3ab087d029919e592acf81b0-1389105054-1800",zone:"thetvdb.com",rocket:"0",apps:{"ga_key":{"ua":"UA-9131861-1","ga_bs":"2"}}}];var a=document.createElement("script"),b=document.getElementsByTagName("script")[0];a.async=!0;a.src="//ajax.cloudflare.com/cdn-cgi/nexp/dok2v=5e636c62d6/cloudflare.min.js";b.parentNode.insertBefore(a,b);}}catch(e){};
                                            //]]>
                                            </script>
                                            <script type="text/javascript">
                                            /* <![CDATA[ */
                                            var _gaq = _gaq || [];
                                            _gaq.push(['_setAccount', 'UA-9131861-1']);
                                            _gaq.push(['_trackPageview']);
                                            
                                            (function() {
                                            var ga = document.createElement('script'); ga.type = 'text/javascript'; ga.async = true;
                                            ga.src = ('https:' == document.location.protocol ? 'https://ssl' : 'http://www') + '.google-analytics.com/ga.js';
                                            var s = document.getElementsByTagName('script')[0]; s.parentNode.insertBefore(ga, s);
                                            })();
                                            
                                            (function(b){(function(a){"__CF"in b&&"DJS"in b.__CF?b.__CF.DJS.push(a):"addEventListener"in b?b.addEventListener("load",a,!1):b.attachEvent("onload",a)})(function(){"FB"in b&&"Event"in FB&&"subscribe"in FB.Event&&(FB.Event.subscribe("edge.create",function(a){_gaq.push(["_trackSocial","facebook","like",a])}),FB.Event.subscribe("edge.remove",function(a){_gaq.push(["_trackSocial","facebook","unlike",a])}),FB.Event.subscribe("message.send",function(a){_gaq.push(["_trackSocial","facebook","send",a])}));"twttr"in b&&"events"in twttr&&"bind"in twttr.events&&twttr.events.bind("tweet",function(a){if(a){var b;if(a.target&&a.target.nodeName=="IFRAME")a:{if(a=a.target.src){a=a.split("#")[0].match(/[^?=&]+=([^&]*)?/g);b=0;for(var c;c=a[b];++b)if(c.indexOf("url")===0){b=unescape(c.split("=")[1]);break a}}b=void 0}_gaq.push(["_trackSocial","twitter","tweet",b])}})})})(window);
                                            /* ]]> */
                                            </script>
                                            </head><body><script type=\"text/javascript\">
                                            //<![CDATA[
                                            new Image().src = \"/cdn-cgi/ping?cf%5blocation%5d=404&cf%5bjs%5d=1\";
                                            //]]>
                                            </script>
                                            <noscript>
                                            <img src=\"/cdn-cgi/ping?cf%5blocation%5d=404&amp;cf%5bjs%5d=0\" alt=\"\"/>
                                            </noscript>
                                            <h1>Not Found</h1>
                                            <p>The requested URL /data/series/121361/default/4/7 was not found on this server.</p>
                                            <hr>
                                            <address>Apache/2.2.22 (Ubuntu) Server at www.thetvdb.com Port 80</address>
                                            </body></html>
15:30:55 T:2901292128   ERROR: metahandler: ************* Error attempting to insert into episodes cache table: columns imdb_id, tvdb_id, episode_id, title are not unique
15:30:55 T:2901292128   ERROR: metahandler: Meta data: {'plot': '', 'writer': '', 'episode': 7, 'title': '', 'rating': 0, 'season': 4, 'tvdb_id': u'121361', 'overlay': 6, 'premiered': '', 'episode_id': '', 'director': '', 'duration': u'60', 'studio': u'HBO', 'cover_url': '', 'poster': '', 'genre': u'Action,Drama,Fantasy', 'mpaa': u'TV-MA', 'imdb_id': '', 'trailer_url': '', 'backdrop_url': u'http://www.thetvdb.com/banners/fanart/original/121361-14.jpg'}
15:30:55 T:2901292128  NOTICE: metahandler: ---------------------------------------------------------------------------------------
15:30:55 T:2901292128  NOTICE: metahandler: Attempting to retreive episode meta data for: imdbid:  season: 4 episode: 8 air_date:
15:30:55 T:2901292128  NOTICE: http://www.thetvdb.com/api/2B8557E0CBF7D720/series/121361/default/4/8
15:30:55 T:2901292128  NOTICE: No data returned
15:30:55 T:2901292128  NOTICE: <!DOCTYPE HTML PUBLIC "-//IETF//DTD HTML 2.0//EN">
                                            <html><head>
                                            <title>404 Not Found</title>
                                            <script type="text/javascript">
                                            //<![CDATA[
                                            try{if (!window.CloudFlare) {var CloudFlare=[{verbose:0,p:0,byc:0,owlid:"cf",bag2:1,mirage2:0,oracle:0,paths:{cloudflare:"/cdn-cgi/nexp/dok2v=964071af18/"},atok:"f5e4798d9127e788ac8527102b6d3e29",petok:"93fb8bd4ddfd3abd38567d79878a65e856ed5c0c-1389105055-1800",zone:"thetvdb.com",rocket:"0",apps:{"ga_key":{"ua":"UA-9131861-1","ga_bs":"2"}}}];var a=document.createElement("script"),b=document.getElementsByTagName("script")[0];a.async=!0;a.src="//ajax.cloudflare.com/cdn-cgi/nexp/dok2v=5e636c62d6/cloudflare.min.js";b.parentNode.insertBefore(a,b);}}catch(e){};
                                            //]]>
                                            </script>
                                            <script type="text/javascript">
                                            /* <![CDATA[ */
                                            var _gaq = _gaq || [];
                                            _gaq.push(['_setAccount', 'UA-9131861-1']);
                                            _gaq.push(['_trackPageview']);
                                            
                                            (function() {
                                            var ga = document.createElement('script'); ga.type = 'text/javascript'; ga.async = true;
                                            ga.src = ('https:' == document.location.protocol ? 'https://ssl' : 'http://www') + '.google-analytics.com/ga.js';
                                            var s = document.getElementsByTagName('script')[0]; s.parentNode.insertBefore(ga, s);
                                            })();
                                            
                                            (function(b){(function(a){"__CF"in b&&"DJS"in b.__CF?b.__CF.DJS.push(a):"addEventListener"in b?b.addEventListener("load",a,!1):b.attachEvent("onload",a)})(function(){"FB"in b&&"Event"in FB&&"subscribe"in FB.Event&&(FB.Event.subscribe("edge.create",function(a){_gaq.push(["_trackSocial","facebook","like",a])}),FB.Event.subscribe("edge.remove",function(a){_gaq.push(["_trackSocial","facebook","unlike",a])}),FB.Event.subscribe("message.send",function(a){_gaq.push(["_trackSocial","facebook","send",a])}));"twttr"in b&&"events"in twttr&&"bind"in twttr.events&&twttr.events.bind("tweet",function(a){if(a){var b;if(a.target&&a.target.nodeName=="IFRAME")a:{if(a=a.target.src){a=a.split("#")[0].match(/[^?=&]+=([^&]*)?/g);b=0;for(var c;c=a[b];++b)if(c.indexOf("url")===0){b=unescape(c.split("=")[1]);break a}}b=void 0}_gaq.push(["_trackSocial","twitter","tweet",b])}})})})(window);
                                            /* ]]> */
                                            </script>
                                            </head><body><script type=\"text/javascript\">
                                            //<![CDATA[
                                            new Image().src = \"/cdn-cgi/ping?cf%5blocation%5d=404&cf%5bjs%5d=1\";
                                            //]]>
                                            </script>
                                            <noscript>
                                            <img src=\"/cdn-cgi/ping?cf%5blocation%5d=404&amp;cf%5bjs%5d=0\" alt=\"\"/>
                                            </noscript>
                                            <h1>Not Found</h1>
                                            <p>The requested URL /data/series/121361/default/4/8 was not found on this server.</p>
                                            <hr>
                                            <address>Apache/2.2.22 (Ubuntu) Server at www.thetvdb.com Port 80</address>
                                            </body></html>
15:30:55 T:2901292128   ERROR: metahandler: ************* Error attempting to insert into episodes cache table: columns imdb_id, tvdb_id, episode_id, title are not unique
15:30:55 T:2901292128   ERROR: metahandler: Meta data: {'plot': '', 'writer': '', 'episode': 8, 'title': '', 'rating': 0, 'season': 4, 'tvdb_id': u'121361', 'overlay': 6, 'premiered': '', 'episode_id': '', 'director': '', 'duration': u'60', 'studio': u'HBO', 'cover_url': '', 'poster': '', 'genre': u'Action,Drama,Fantasy', 'mpaa': u'TV-MA', 'imdb_id': '', 'trailer_url': '', 'backdrop_url': u'http://www.thetvdb.com/banners/fanart/original/121361-14.jpg'}
15:30:55 T:2901292128  NOTICE: metahandler: ---------------------------------------------------------------------------------------
15:30:55 T:2901292128  NOTICE: metahandler: Attempting to retreive episode meta data for: imdbid:  season: 4 episode: 9 air_date:
15:30:56 T:2901292128  NOTICE: http://www.thetvdb.com/api/2B8557E0CBF7D720/series/121361/default/4/9
15:30:56 T:2901292128  NOTICE: No data returned
15:30:56 T:2901292128  NOTICE: <!DOCTYPE HTML PUBLIC "-//IETF//DTD HTML 2.0//EN">
                                            <html><head>
                                            <title>404 Not Found</title>
                                            <script type="text/javascript">
                                            //<![CDATA[
                                            try{if (!window.CloudFlare) {var CloudFlare=[{verbose:0,p:0,byc:0,owlid:"cf",bag2:1,mirage2:0,oracle:0,paths:{cloudflare:"/cdn-cgi/nexp/dok2v=964071af18/"},atok:"f5e4798d9127e788ac8527102b6d3e29",petok:"93fb8bd4ddfd3abd38567d79878a65e856ed5c0c-1389105055-1800",zone:"thetvdb.com",rocket:"0",apps:{"ga_key":{"ua":"UA-9131861-1","ga_bs":"2"}}}];var a=document.createElement("script"),b=document.getElementsByTagName("script")[0];a.async=!0;a.src="//ajax.cloudflare.com/cdn-cgi/nexp/dok2v=5e636c62d6/cloudflare.min.js";b.parentNode.insertBefore(a,b);}}catch(e){};
                                            //]]>
                                            </script>
                                            <script type="text/javascript">
                                            /* <![CDATA[ */
                                            var _gaq = _gaq || [];
                                            _gaq.push(['_setAccount', 'UA-9131861-1']);
                                            _gaq.push(['_trackPageview']);
                                            
                                            (function() {
                                            var ga = document.createElement('script'); ga.type = 'text/javascript'; ga.async = true;
                                            ga.src = ('https:' == document.location.protocol ? 'https://ssl' : 'http://www') + '.google-analytics.com/ga.js';
                                            var s = document.getElementsByTagName('script')[0]; s.parentNode.insertBefore(ga, s);
                                            })();
                                            
                                            (function(b){(function(a){"__CF"in b&&"DJS"in b.__CF?b.__CF.DJS.push(a):"addEventListener"in b?b.addEventListener("load",a,!1):b.attachEvent("onload",a)})(function(){"FB"in b&&"Event"in FB&&"subscribe"in FB.Event&&(FB.Event.subscribe("edge.create",function(a){_gaq.push(["_trackSocial","facebook","like",a])}),FB.Event.subscribe("edge.remove",function(a){_gaq.push(["_trackSocial","facebook","unlike",a])}),FB.Event.subscribe("message.send",function(a){_gaq.push(["_trackSocial","facebook","send",a])}));"twttr"in b&&"events"in twttr&&"bind"in twttr.events&&twttr.events.bind("tweet",function(a){if(a){var b;if(a.target&&a.target.nodeName=="IFRAME")a:{if(a=a.target.src){a=a.split("#")[0].match(/[^?=&]+=([^&]*)?/g);b=0;for(var c;c=a[b];++b)if(c.indexOf("url")===0){b=unescape(c.split("=")[1]);break a}}b=void 0}_gaq.push(["_trackSocial","twitter","tweet",b])}})})})(window);
                                            /* ]]> */
                                            </script>
                                            </head><body><script type=\"text/javascript\">
                                            //<![CDATA[
                                            new Image().src = \"/cdn-cgi/ping?cf%5blocation%5d=404&cf%5bjs%5d=1\";
                                            //]]>
                                            </script>
                                            <noscript>
                                            <img src=\"/cdn-cgi/ping?cf%5blocation%5d=404&amp;cf%5bjs%5d=0\" alt=\"\"/>
                                            </noscript>
                                            <h1>Not Found</h1>
                                            <p>The requested URL /data/series/121361/default/4/9 was not found on this server.</p>
                                            <hr>
                                            <address>Apache/2.2.22 (Ubuntu) Server at www.thetvdb.com Port 80</address>
                                            </body></html>
15:30:56 T:2901292128   ERROR: metahandler: ************* Error attempting to insert into episodes cache table: columns imdb_id, tvdb_id, episode_id, title are not unique
15:30:56 T:2901292128   ERROR: metahandler: Meta data: {'plot': '', 'writer': '', 'episode': 9, 'title': '', 'rating': 0, 'season': 4, 'tvdb_id': u'121361', 'overlay': 6, 'premiered': '', 'episode_id': '', 'director': '', 'duration': u'60', 'studio': u'HBO', 'cover_url': '', 'poster': '', 'genre': u'Action,Drama,Fantasy', 'mpaa': u'TV-MA', 'imdb_id': '', 'trailer_url': '', 'backdrop_url': u'http://www.thetvdb.com/banners/fanart/original/121361-14.jpg'}
15:30:56 T:2901292128  NOTICE: metahandler: ---------------------------------------------------------------------------------------
15:30:56 T:2901292128  NOTICE: metahandler: Attempting to retreive episode meta data for: imdbid:  season: 4 episode: 10 air_date:
15:30:56 T:2901292128  NOTICE: http://www.thetvdb.com/api/2B8557E0CBF7D720/series/121361/default/4/10
15:30:56 T:2901292128  NOTICE: No data returned
15:30:56 T:2901292128  NOTICE: <!DOCTYPE HTML PUBLIC "-//IETF//DTD HTML 2.0//EN">
                                            <html><head>
                                            <title>404 Not Found</title>
                                            <script type="text/javascript">
                                            //<![CDATA[
                                            try{if (!window.CloudFlare) {var CloudFlare=[{verbose:0,p:0,byc:0,owlid:"cf",bag2:1,mirage2:0,oracle:0,paths:{cloudflare:"/cdn-cgi/nexp/dok2v=964071af18/"},atok:"f5e4798d9127e788ac8527102b6d3e29",petok:"6458e7abbf5bbec5b3c0bc0d682daa20151b56fc-1389105056-1800",zone:"thetvdb.com",rocket:"0",apps:{"ga_key":{"ua":"UA-9131861-1","ga_bs":"2"}}}];var a=document.createElement("script"),b=document.getElementsByTagName("script")[0];a.async=!0;a.src="//ajax.cloudflare.com/cdn-cgi/nexp/dok2v=5e636c62d6/cloudflare.min.js";b.parentNode.insertBefore(a,b);}}catch(e){};
                                            //]]>
                                            </script>
                                            <script type="text/javascript">
                                            /* <![CDATA[ */
                                            var _gaq = _gaq || [];
                                            _gaq.push(['_setAccount', 'UA-9131861-1']);
                                            _gaq.push(['_trackPageview']);
                                            
                                            (function() {
                                            var ga = document.createElement('script'); ga.type = 'text/javascript'; ga.async = true;
                                            ga.src = ('https:' == document.location.protocol ? 'https://ssl' : 'http://www') + '.google-analytics.com/ga.js';
                                            var s = document.getElementsByTagName('script')[0]; s.parentNode.insertBefore(ga, s);
                                            })();
                                            
                                            (function(b){(function(a){"__CF"in b&&"DJS"in b.__CF?b.__CF.DJS.push(a):"addEventListener"in b?b.addEventListener("load",a,!1):b.attachEvent("onload",a)})(function(){"FB"in b&&"Event"in FB&&"subscribe"in FB.Event&&(FB.Event.subscribe("edge.create",function(a){_gaq.push(["_trackSocial","facebook","like",a])}),FB.Event.subscribe("edge.remove",function(a){_gaq.push(["_trackSocial","facebook","unlike",a])}),FB.Event.subscribe("message.send",function(a){_gaq.push(["_trackSocial","facebook","send",a])}));"twttr"in b&&"events"in twttr&&"bind"in twttr.events&&twttr.events.bind("tweet",function(a){if(a){var b;if(a.target&&a.target.nodeName=="IFRAME")a:{if(a=a.target.src){a=a.split("#")[0].match(/[^?=&]+=([^&]*)?/g);b=0;for(var c;c=a[b];++b)if(c.indexOf("url")===0){b=unescape(c.split("=")[1]);break a}}b=void 0}_gaq.push(["_trackSocial","twitter","tweet",b])}})})})(window);
                                            /* ]]> */
                                            </script>
                                            </head><body><script type=\"text/javascript\">
                                            //<![CDATA[
                                            new Image().src = \"/cdn-cgi/ping?cf%5blocation%5d=404&cf%5bjs%5d=1\";
                                            //]]>
                                            </script>
                                            <noscript>
                                            <img src=\"/cdn-cgi/ping?cf%5blocation%5d=404&amp;cf%5bjs%5d=0\" alt=\"\"/>
                                            </noscript>
                                            <h1>Not Found</h1>
                                            <p>The requested URL /data/series/121361/default/4/10 was not found on this server.</p>
                                            <hr>
                                            <address>Apache/2.2.22 (Ubuntu) Server at www.thetvdb.com Port 80</address>
                                            </body></html>
15:30:56 T:2901292128   ERROR: metahandler: ************* Error attempting to insert into episodes cache table: columns imdb_id, tvdb_id, episode_id, title are not unique
15:30:56 T:2901292128   ERROR: metahandler: Meta data: {'plot': '', 'writer': '', 'episode': 10, 'title': '', 'rating': 0, 'season': 4, 'tvdb_id': u'121361', 'overlay': 6, 'premiered': '', 'episode_id': '', 'director': '', 'duration': u'60', 'studio': u'HBO', 'cover_url': '', 'poster': '', 'genre': u'Action,Drama,Fantasy', 'mpaa': u'TV-MA', 'imdb_id': '', 'trailer_url': '', 'backdrop_url': u'http://www.thetvdb.com/banners/fanart/original/121361-14.jpg'}
15:30:58 T:3046822416   ERROR: COMXImageFile::ReadFile special://skin/extras/backgrounds/01.jpg not found
15:30:58 T:3046822416  NOTICE: LoadJpeg: unable to load special://skin/extras/backgrounds/01.jpg
15:30:58 T:3046822416   ERROR: Texture manager unable to load file: special://skin/extras/backgrounds/01.jpg
15:31:13 T:2901292128  NOTICE: metahandler: ---------------------------------------------------------------------------------------
15:31:13 T:2901292128  NOTICE: metahandler: Attempting to retreive episode meta data for: imdbid:  season: 1 episode: 0 air_date:
15:31:15 T:3046822416   ERROR: COMXImageFile::ReadFile special://skin/extras/backgrounds/01.jpg not found
15:31:15 T:3046822416  NOTICE: LoadJpeg: unable to load special://skin/extras/backgrounds/01.jpg
15:31:15 T:3046822416   ERROR: Texture manager unable to load file: special://skin/extras/backgrounds/01.jpg
15:31:15 T:3046822416   ERROR: ClearBlock: Trying to clear non existent block /storage/.xbmc/addons/script.tv.show.next.aired
15:31:15 T:2901292128  NOTICE: http://www.thetvdb.com/api/2B8557E0CBF7D720/series/80379/default/1/0
15:31:15 T:2901292128  NOTICE: No data returned
15:31:15 T:2901292128  NOTICE: <!DOCTYPE HTML PUBLIC "-//IETF//DTD HTML 2.0//EN">
                                            <html><head>
                                            <title>404 Not Found</title>
                                            <script type="text/javascript">
                                            //<![CDATA[
                                            try{if (!window.CloudFlare) {var CloudFlare=[{verbose:0,p:0,byc:0,owlid:"cf",bag2:1,mirage2:0,oracle:0,paths:{cloudflare:"/cdn-cgi/nexp/dok2v=964071af18/"},atok:"f5e4798d9127e788ac8527102b6d3e29",petok:"43005806f2319122fd034c38a07cbf3207d432ed-1389105074-1800",zone:"thetvdb.com",rocket:"0",apps:{"ga_key":{"ua":"UA-9131861-1","ga_bs":"2"}}}];var a=document.createElement("script"),b=document.getElementsByTagName("script")[0];a.async=!0;a.src="//ajax.cloudflare.com/cdn-cgi/nexp/dok2v=5e636c62d6/cloudflare.min.js";b.parentNode.insertBefore(a,b);}}catch(e){};
                                            //]]>
                                            </script>
                                            <script type="text/javascript">
                                            /* <![CDATA[ */
                                            var _gaq = _gaq || [];
                                            _gaq.push(['_setAccount', 'UA-9131861-1']);
                                            _gaq.push(['_trackPageview']);
                                            
                                            (function() {
                                            var ga = document.createElement('script'); ga.type = 'text/javascript'; ga.async = true;
                                            ga.src = ('https:' == document.location.protocol ? 'https://ssl' : 'http://www') + '.google-analytics.com/ga.js';
                                            var s = document.getElementsByTagName('script')[0]; s.parentNode.insertBefore(ga, s);
                                            })();
                                            
                                            (function(b){(function(a){"__CF"in b&&"DJS"in b.__CF?b.__CF.DJS.push(a):"addEventListener"in b?b.addEventListener("load",a,!1):b.attachEvent("onload",a)})(function(){"FB"in b&&"Event"in FB&&"subscribe"in FB.Event&&(FB.Event.subscribe("edge.create",function(a){_gaq.push(["_trackSocial","facebook","like",a])}),FB.Event.subscribe("edge.remove",function(a){_gaq.push(["_trackSocial","facebook","unlike",a])}),FB.Event.subscribe("message.send",function(a){_gaq.push(["_trackSocial","facebook","send",a])}));"twttr"in b&&"events"in twttr&&"bind"in twttr.events&&twttr.events.bind("tweet",function(a){if(a){var b;if(a.target&&a.target.nodeName=="IFRAME")a:{if(a=a.target.src){a=a.split("#")[0].match(/[^?=&]+=([^&]*)?/g);b=0;for(var c;c=a[b];++b)if(c.indexOf("url")===0){b=unescape(c.split("=")[1]);break a}}b=void 0}_gaq.push(["_trackSocial","twitter","tweet",b])}})})})(window);
                                            /* ]]> */
                                            </script>
                                            </head><body><script type=\"text/javascript\">
                                            //<![CDATA[
                                            new Image().src = \"/cdn-cgi/ping?cf%5blocation%5d=404&cf%5bjs%5d=1\";
                                            //]]>
                                            </script>
                                            <noscript>
                                            <img src=\"/cdn-cgi/ping?cf%5blocation%5d=404&amp;cf%5bjs%5d=0\" alt=\"\"/>
                                            </noscript>
                                            <h1>Not Found</h1>
                                            <p>The requested URL /data/series/80379/default/1/0 was not found on this server.</p>
                                            <hr>
                                            <address>Apache/2.2.22 (Ubuntu) Server at www.thetvdb.com Port 80</address>
                                            </body></html>
15:31:16 T:3046822416   ERROR: ClearBlock: Trying to clear non existent block /storage/.xbmc/addons/script.tv.show.next.aired
15:31:16 T:2660406368  NOTICE: Thread BackgroundLoader start, auto delete: false
15:31:16 T:3046822416   ERROR: COMXImageFile::ReadFile special://skin/extras/backgrounds/01.jpg not found
15:31:16 T:3046822416  NOTICE: LoadJpeg: unable to load special://skin/extras/backgrounds/01.jpg
15:31:16 T:3046822416   ERROR: Texture manager unable to load file: special://skin/extras/backgrounds/01.jpg
15:31:16 T:2660406368  NOTICE: Thread Jobworker start, auto delete: true
15:31:16 T:3046822416  NOTICE: Previous line repeats 2 times.
15:31:16 T:3046822416   ERROR: ClearBlock: Trying to clear non existent block /storage/.xbmc/addons/script.tv.show.next.aired
15:31:18 T:2587882592  NOTICE: Thread BackgroundLoader start, auto delete: false
15:31:19 T:3046822416   ERROR: COMXImageFile::ReadFile special://skin/extras/backgrounds/01.jpg not found
15:31:19 T:3046822416  NOTICE: LoadJpeg: unable to load special://skin/extras/backgrounds/01.jpg
15:31:19 T:3046822416   ERROR: Texture manager unable to load file: special://skin/extras/backgrounds/01.jpg
15:31:28 T:3046822416   ERROR: COMXImageFile::ReadFile special://skin/extras/backgrounds/01.jpg not found
15:31:28 T:3046822416  NOTICE: LoadJpeg: unable to load special://skin/extras/backgrounds/01.jpg
15:31:28 T:3046822416   ERROR: Texture manager unable to load file: special://skin/extras/backgrounds/01.jpg
15:31:28 T:2587882592  NOTICE: Thread Jobworker start, auto delete: true
15:31:32 T:2660406368   ERROR: COMXImageFile::ReadFile special://masterprofile/Thumbnails/5/505c4600.jpg m_image_size zero
15:31:32 T:2660406368  NOTICE: LoadJpeg: unable to load special://masterprofile/Thumbnails/5/505c4600.jpg
15:31:33 T:2660406368   ERROR: Texture manager unable to load file: special://masterprofile/Thumbnails/5/505c4600.jpg
15:31:39 T:3046822416   ERROR: COMXImageFile::ReadFile special://skin/extras/backgrounds/01.jpg not found
15:31:39 T:3046822416  NOTICE: LoadJpeg: unable to load special://skin/extras/backgrounds/01.jpg
15:31:39 T:3046822416   ERROR: Texture manager unable to load file: special://skin/extras/backgrounds/01.jpg
15:31:44 T:2901292128 WARNING: Attempt to use invalid handle -1
15:31:44 T:2812654688 WARNING: Previous line repeats 1 times.
15:31:44 T:2812654688  NOTICE: Thread CVideoInfoScanner start, auto delete: false
15:31:44 T:2812654688  NOTICE: VideoInfoScanner: Starting scan ..
15:32:03 T:2901292128  NOTICE: Thread XBPyThread start, auto delete: false
15:32:05 T:3046822416   ERROR: COMXImageFile::ReadFile special://skin/extras/backgrounds/01.jpg not found
15:32:05 T:3046822416  NOTICE: LoadJpeg: unable to load special://skin/extras/backgrounds/01.jpg
15:32:05 T:3046822416   ERROR: Texture manager unable to load file: special://skin/extras/backgrounds/01.jpg
15:32:06 T:2901292128  NOTICE: -->Python Interpreter Initialized<--
15:32:09 T:2834183264   ERROR: COMXImageFile::ReadFile special://masterprofile/Thumbnails/f/fe46ab86.jpg m_image_size zero
15:32:09 T:2834183264  NOTICE: LoadJpeg: unable to load special://masterprofile/Thumbnails/f/fe46ab86.jpg
15:32:09 T:2834183264   ERROR: Texture manager unable to load file: special://masterprofile/Thumbnails/f/fe46ab86.jpg
15:32:12 T:2587882592   ERROR: GetDirectory - Error getting /storage/pictures/weather/na/
15:32:27 T:3046822416   ERROR: Previous line repeats 1 times.
15:32:27 T:3046822416   ERROR: COMXImageFile::ReadFile special://skin/extras/backgrounds/01.jpg not found
15:32:27 T:3046822416  NOTICE: LoadJpeg: unable to load special://skin/extras/backgrounds/01.jpg
15:32:27 T:3046822416   ERROR: Texture manager unable to load file: special://skin/extras/backgrounds/01.jpg
15:32:27 T:2804266080   ERROR: GetDirectory - Error getting /storage/pictures/weather/na/
15:32:31 T:3046822416   ERROR: Previous line repeats 1 times.
15:32:31 T:3046822416   ERROR: COMXImageFile::ReadFile special://skin/extras/backgrounds/01.jpg not found
15:32:31 T:3046822416  NOTICE: LoadJpeg: unable to load special://skin/extras/backgrounds/01.jpg
15:32:31 T:3046822416   ERROR: Texture manager unable to load file: special://skin/extras/backgrounds/01.jpg
15:32:32 T:2812654688  NOTICE: VideoInfoScanner: Finished scan. Scanning for video info took 00:47
15:32:33 T:3046822416   ERROR: COMXImageFile::ReadFile special://skin/extras/backgrounds/01.jpg not found
15:32:33 T:3046822416  NOTICE: LoadJpeg: unable to load special://skin/extras/backgrounds/01.jpg
15:32:33 T:3046822416   ERROR: Texture manager unable to load file: special://skin/extras/backgrounds/01.jpg
15:32:33 T:2804266080   ERROR: GetDirectory - Error getting /storage/pictures/weather/na/
15:32:37 T:3046822416   ERROR: Previous line repeats 1 times.
15:32:37 T:3046822416   ERROR: COMXImageFile::ReadFile special://skin/extras/backgrounds/01.jpg not found
15:32:37 T:3046822416  NOTICE: LoadJpeg: unable to load special://skin/extras/backgrounds/01.jpg
15:32:37 T:3046822416   ERROR: Texture manager unable to load file: special://skin/extras/backgrounds/01.jpg
15:32:37 T:2587882592   ERROR: GetDirectory - Error getting /storage/pictures/weather/na/
15:32:38 T:2834183264   ERROR: Previous line repeats 3 times.
15:32:38 T:2834183264   ERROR: COMXImageFile::ReadFile special://masterprofile/Thumbnails/b/b462da69.jpg m_image_size zero
15:32:38 T:2834183264  NOTICE: LoadJpeg: unable to load special://masterprofile/Thumbnails/b/b462da69.jpg
15:32:38 T:2834183264   ERROR: Texture manager unable to load file: special://masterprofile/Thumbnails/b/b462da69.jpg
15:32:46 T:3046822416   ERROR: COMXImageFile::ReadFile special://skin/extras/backgrounds/01.jpg not found
15:32:46 T:3046822416  NOTICE: LoadJpeg: unable to load special://skin/extras/backgrounds/01.jpg
15:32:46 T:3046822416   ERROR: Texture manager unable to load file: special://skin/extras/backgrounds/01.jpg
15:32:46 T:2587882592   ERROR: GetDirectory - Error getting /storage/pictures/weather/na/
15:32:48 T:3046822416   ERROR: Previous line repeats 1 times.
15:32:48 T:3046822416   ERROR: COMXImageFile::ReadFile special://skin/extras/backgrounds/01.jpg not found
15:32:48 T:3046822416  NOTICE: LoadJpeg: unable to load special://skin/extras/backgrounds/01.jpg
15:32:48 T:3046822416   ERROR: Texture manager unable to load file: special://skin/extras/backgrounds/01.jpg
15:33:01 T:2812654688  NOTICE: Thread XBPyThread start, auto delete: false
15:33:02 T:2812654688  NOTICE: -->Python Interpreter Initialized<--
15:33:04 T:3046822416   ERROR: COMXImageFile::ReadFile special://skin/extras/backgrounds/01.jpg not found
15:33:04 T:3046822416  NOTICE: LoadJpeg: unable to load special://skin/extras/backgrounds/01.jpg
15:33:04 T:3046822416   ERROR: Texture manager unable to load file: special://skin/extras/backgrounds/01.jpg
15:33:05 T:2587882592   ERROR: GetDirectory - Error getting /storage/pictures/weather/na/
15:33:09 T:3046822416   ERROR: Previous line repeats 3 times.
15:33:09 T:3046822416   ERROR: COMXImageFile::ReadFile special://skin/extras/backgrounds/01.jpg not found
15:33:09 T:3046822416  NOTICE: LoadJpeg: unable to load special://skin/extras/backgrounds/01.jpg
15:33:09 T:3046822416   ERROR: Texture manager unable to load file: special://skin/extras/backgrounds/01.jpg
15:33:09 T:2660406368   ERROR: GetDirectory - Error getting /storage/pictures/weather/na/
15:33:12 T:2804266080   ERROR: Previous line repeats 3 times.
15:33:12 T:2804266080   ERROR: COMXImageFile::ReadFile special://masterprofile/Thumbnails/2/2b214aae.jpg m_image_size zero
15:33:12 T:2804266080  NOTICE: LoadJpeg: unable to load special://masterprofile/Thumbnails/2/2b214aae.jpg
15:33:12 T:2804266080   ERROR: Texture manager unable to load file: special://masterprofile/Thumbnails/2/2b214aae.jpg
15:33:20 T:3046822416   ERROR: COMXImageFile::ReadFile special://skin/extras/backgrounds/01.jpg not found
15:33:20 T:3046822416  NOTICE: LoadJpeg: unable to load special://skin/extras/backgrounds/01.jpg
15:33:20 T:3046822416   ERROR: Texture manager unable to load file: special://skin/extras/backgrounds/01.jpg
15:33:20 T:2660406368   ERROR: GetDirectory - Error getting /storage/pictures/weather/na/
15:33:26 T:3046822416   ERROR: Previous line repeats 1 times.
15:33:26 T:3046822416  NOTICE: Storing total System Uptime
15:33:26 T:3046822416  NOTICE: Saving settings
15:33:26 T:3046822416  NOTICE: stop all
15:34:07 T:3046822416  NOTICE: ES: Stopping event server
15:34:07 T:3046822416  NOTICE: stopping upnp
15:34:07 T:3046822416  NOTICE: stopping zeroconf publishing
15:34:07 T:3046822416  NOTICE: Webserver: Stopping...
15:34:07 T:3046822416  NOTICE: WebServer: Stopped the webserver
15:34:07 T:3046822416  NOTICE: Webserver: Stopped...
15:34:07 T:2695214176  NOTICE: ES: UDP Event server stopped
15:34:07 T:3046822416  NOTICE: stop dvd detect media
15:34:08 T:3046822416  NOTICE: stop sap announcement listener
15:34:08 T:3046822416  NOTICE: clean cached files!
15:34:08 T:3046822416  NOTICE: unload skin
15:34:09 T:3046822416   ERROR: ClearBlock: Trying to clear non existent block /usr/share/xbmc/addons/service.openelec.settings
15:34:10 T:2884514912   ERROR: Previous line repeats 1 times.
15:34:10 T:2884514912  NOTICE: 1Channel: Service: shutting down...
15:34:11 T:2859349088  NOTICE: ## OpenELEC Addon ## STOP SERVICE DONE !
15:34:13 T:2909680736 WARNING: The python script "/storage/.xbmc/addons/service.skin.widgets/default.py" has left several classes in memory that we couldn't clean up. The classes include: Player,Monitor,Window
15:34:13 T:2842571872  NOTICE: StorageServer-2.5.2 Closed down
15:34:13 T:3046822416  NOTICE: stop python
15:34:13 T:3046822416  NOTICE: stopped
15:34:13 T:3046822416  NOTICE: destroy
15:34:13 T:3046822416  NOTICE: closing down remote control service
15:34:13 T:3046822416  NOTICE: unload sections
15:34:13 T:3046822416   ERROR: ClearBlock: Trying to clear non existent block /usr/share/xbmc/addons/service.openelec.settings
15:34:13 T:3046822416  NOTICE: destroy
15:34:13 T:3046822416 WARNING: Attempted to remove window 10013 from the window manager when it didn't exist
15:34:13 T:3046822416 WARNING: Attempted to remove window 10014 from the window manager when it didn't exist
15:34:13 T:3046822416 WARNING: Attempted to remove window 10015 from the window manager when it didn't exist
15:34:13 T:3046822416 WARNING: Attempted to remove window 10016 from the window manager when it didn't exist
15:34:13 T:3046822416 WARNING: Attempted to remove window 10017 from the window manager when it didn't exist
15:34:13 T:3046822416 WARNING: Attempted to remove window 10018 from the window manager when it didn't exist
15:34:13 T:3046822416 WARNING: Attempted to remove window 10019 from the window manager when it didn't exist
15:34:13 T:3046822416 WARNING: Attempted to remove window 10021 from the window manager when it didn't exist
15:34:13 T:3046822416 WARNING: Attempted to remove window 10107 from the window manager when it didn't exist
15:34:13 T:3046822416 WARNING: Attempted to remove window 10115 from the window manager when it didn't exist
15:34:13 T:3046822416 WARNING: Attempted to remove window 10104 from the window manager when it didn't exist
15:34:13 T:3046822416  NOTICE: closing down remote control service
15:34:13 T:3046822416  NOTICE: unload sections
15:34:13 T:3046822416  NOTICE: application stopped...
